Starting System MySQL...
-> [DB INIT] Table checkd/created

--- new cylce ---
Fetching weather data
-> [DB INSERT] Record saved
Current weather data: 0.0 °C
Fetching outdoor weather data
proccess outdoor weather data
-> [DB INSERT] Record saved
Current weather data from API: 19.0 °C

--- new cylce ---
Fetching weather data
-> [DB INSERT] Record saved
Current weather data: 0.0 °C

--- new cylce ---
Fetching weather data
-> [DB INSERT] Record saved
Current weather data: 0.0 °C

--- new cylce ---
Fetching weather data
-> [DB INSERT] Record saved
Current weather data: 0.0 °C

--- new cylce ---
Fetching weather data
-> [DB INSERT] Record saved
Current weather data: 23.0 °C
